2026-09-14 10:47:55.769 physical-lighting-proof[84921:7202218] Metal API Validation Enabled
FAIL encode: Invalid reconstruction or GI tier flags
FAIL encode: Invalid reconstruction or GI tier flags
FAIL Lambertian direct sun reference: Invalid reconstruction or GI tier flags
FAIL covered surface independent of baked color: Invalid reconstruction or GI tier flags
FAIL encode: Invalid reconstruction or GI tier flags
FAIL encode: Invalid reconstruction or GI tier flags
FAIL no baked ambient leakage at night: Invalid reconstruction or GI tier flags
FAIL encode: Invalid reconstruction or GI tier flags
FAIL primary emission with all effects off: Invalid reconstruction or GI tier flags
FAIL encode: Invalid reconstruction or GI tier flags
FAIL encode: Invalid reconstruction or GI tier flags
FAIL encode: Invalid reconstruction or GI tier flags
FAIL encode: Invalid reconstruction or GI tier flags
FAIL encode: Invalid reconstruction or GI tier flags
FAIL encode: Invalid reconstruction or GI tier flags
FAIL encode: Invalid reconstruction or GI tier flags
FAIL encode: Invalid reconstruction or GI tier flags
FAIL encode: Invalid reconstruction or GI tier flags
FAIL encode: Invalid reconstruction or GI tier flags
FAIL encode: Invalid reconstruction or GI tier flags
FAIL encode: Invalid reconstruction or GI tier flags
FAIL encode: Invalid reconstruction or GI tier flags
FAIL encode: Invalid reconstruction or GI tier flags
FAIL encode: Invalid reconstruction or GI tier flags
FAIL encode: Invalid reconstruction or GI tier flags
FAIL encode: Invalid reconstruction or GI tier flags
FAIL encode: Invalid reconstruction or GI tier flags
FAIL encode: Invalid reconstruction or GI tier flags
FAIL encode: Invalid reconstruction or GI tier flags
FAIL encode: Invalid reconstruction or GI tier flags
FAIL encode: Invalid reconstruction or GI tier flags
FAIL encode: Invalid reconstruction or GI tier flags
FAIL encode: Invalid reconstruction or GI tier flags
FAIL encode: Invalid reconstruction or GI tier flags
FAIL encode: Invalid reconstruction or GI tier flags
FAIL encode: Invalid reconstruction or GI tier flags
FAIL encode: Invalid reconstruction or GI tier flags
FAIL encode: Invalid reconstruction or GI tier flags
FAIL encode: Invalid reconstruction or GI tier flags
FAIL encode: Invalid reconstruction or GI tier flags
FAIL encode: Invalid reconstruction or GI tier flags
FAIL encode: Invalid reconstruction or GI tier flags
FAIL encode: Invalid reconstruction or GI tier flags
FAIL encode: Invalid reconstruction or GI tier flags
FAIL encode: Invalid reconstruction or GI tier flags
FAIL encode: Invalid reconstruction or GI tier flags
FAIL encode: Invalid reconstruction or GI tier flags
FAIL encode: Invalid reconstruction or GI tier flags
FAIL encode: Invalid reconstruction or GI tier flags
FAIL encode: Invalid reconstruction or GI tier flags
FAIL encode: Invalid reconstruction or GI tier flags
FAIL encode: Invalid reconstruction or GI tier flags
FAIL encode: Invalid reconstruction or GI tier flags
FAIL encode: Invalid reconstruction or GI tier flags
FAIL encode: Invalid reconstruction or GI tier flags
FAIL encode: Invalid reconstruction or GI tier flags
FAIL encode: Invalid reconstruction or GI tier flags
FAIL encode: Invalid reconstruction or GI tier flags
FAIL encode: Invalid reconstruction or GI tier flags
FAIL encode: Invalid reconstruction or GI tier flags
FAIL encode: Invalid reconstruction or GI tier flags
FAIL encode: Invalid reconstruction or GI tier flags
FAIL encode: Invalid reconstruction or GI tier flags
FAIL encode: Invalid reconstruction or GI tier flags
FAIL encode: Invalid reconstruction or GI tier flags
FAIL encode: Invalid reconstruction or GI tier flags
FAIL encode: Invalid reconstruction or GI tier flags
FAIL encode: Invalid reconstruction or GI tier flags
FAIL encode: Invalid reconstruction or GI tier flags
FAIL encode: Invalid reconstruction or GI tier flags
FAIL encode: Invalid reconstruction or GI tier flags
FAIL encode: Invalid reconstruction or GI tier flags
FAIL encode: Invalid reconstruction or GI tier flags
FAIL analytic cosine-weighted sky reference: Invalid reconstruction or GI tier flags
FAIL encode: Invalid reconstruction or GI tier flags
FAIL encode: Invalid reconstruction or GI tier flags
FAIL encode: Invalid reconstruction or GI tier flags
FAIL encode: Invalid reconstruction or GI tier flags
FAIL encode: Invalid reconstruction or GI tier flags
FAIL encode: Invalid reconstruction or GI tier flags
FAIL encode: Invalid reconstruction or GI tier flags
FAIL encode: Invalid reconstruction or GI tier flags
FAIL encode: Invalid reconstruction or GI tier flags
FAIL encode: Invalid reconstruction or GI tier flags
FAIL encode: Invalid reconstruction or GI tier flags
FAIL encode: Invalid reconstruction or GI tier flags
FAIL encode: Invalid reconstruction or GI tier flags
FAIL encode: Invalid reconstruction or GI tier flags
FAIL encode: Invalid reconstruction or GI tier flags
FAIL encode: Invalid reconstruction or GI tier flags
FAIL encode: Invalid reconstruction or GI tier flags
FAIL encode: Invalid reconstruction or GI tier flags
FAIL encode: Invalid reconstruction or GI tier flags
FAIL encode: Invalid reconstruction or GI tier flags
FAIL encode: Invalid reconstruction or GI tier flags
FAIL encode: Invalid reconstruction or GI tier flags
FAIL encode: Invalid reconstruction or GI tier flags
FAIL encode: Invalid reconstruction or GI tier flags
FAIL encode: Invalid reconstruction or GI tier flags
FAIL encode: Invalid reconstruction or GI tier flags
FAIL encode: Invalid reconstruction or GI tier flags
FAIL encode: Invalid reconstruction or GI tier flags
FAIL encode: Invalid reconstruction or GI tier flags
FAIL encode: Invalid reconstruction or GI tier flags
FAIL encode: Invalid reconstruction or GI tier flags
FAIL encode: Invalid reconstruction or GI tier flags
FAIL encode: Invalid reconstruction or GI tier flags
FAIL encode: Invalid reconstruction or GI tier flags
FAIL encode: Invalid reconstruction or GI tier flags
FAIL encode: Invalid reconstruction or GI tier flags
FAIL encode: Invalid reconstruction or GI tier flags
FAIL encode: Invalid reconstruction or GI tier flags
FAIL encode: Invalid reconstruction or GI tier flags
FAIL encode: Invalid reconstruction or GI tier flags
FAIL encode: Invalid reconstruction or GI tier flags
FAIL encode: Invalid reconstruction or GI tier flags
FAIL encode: Invalid reconstruction or GI tier flags
FAIL encode: Invalid reconstruction or GI tier flags
FAIL encode: Invalid reconstruction or GI tier flags
FAIL encode: Invalid reconstruction or GI tier flags
FAIL encode: Invalid reconstruction or GI tier flags
FAIL encode: Invalid reconstruction or GI tier flags
FAIL encode: Invalid reconstruction or GI tier flags
FAIL encode: Invalid reconstruction or GI tier flags
FAIL encode: Invalid reconstruction or GI tier flags
FAIL encode: Invalid reconstruction or GI tier flags
FAIL encode: Invalid reconstruction or GI tier flags
FAIL encode: Invalid reconstruction or GI tier flags
FAIL encode: Invalid reconstruction or GI tier flags
FAIL encode: Invalid reconstruction or GI tier flags
FAIL encode: Invalid reconstruction or GI tier flags
FAIL encode: Invalid reconstruction or GI tier flags
FAIL encode: Invalid reconstruction or GI tier flags
FAIL encode: Invalid reconstruction or GI tier flags
FAIL encode: Invalid reconstruction or GI tier flags
FAIL encode: Invalid reconstruction or GI tier flags
FAIL encode: Invalid reconstruction or GI tier flags
FAIL encode: Invalid reconstruction or GI tier flags
FAIL encode: Invalid reconstruction or GI tier flags
FAIL encode: Invalid reconstruction or GI tier flags
FAIL encode: Invalid reconstruction or GI tier flags
FAIL encode: Invalid reconstruction or GI tier flags
FAIL encode: Invalid reconstruction or GI tier flags
FAIL encode: Invalid reconstruction or GI tier flags
FAIL encode: Invalid reconstruction or GI tier flags
FAIL encode: Invalid reconstruction or GI tier flags
FAIL encode: Invalid reconstruction or GI tier flags
FAIL encode: Invalid reconstruction or GI tier flags
FAIL encode: Invalid reconstruction or GI tier flags
FAIL encode: Invalid reconstruction or GI tier flags
FAIL encode: Invalid reconstruction or GI tier flags
FAIL encode: Invalid reconstruction or GI tier flags
FAIL encode: Invalid reconstruction or GI tier flags
FAIL encode: Invalid reconstruction or GI tier flags
FAIL encode: Invalid reconstruction or GI tier flags
FAIL encode: Invalid reconstruction or GI tier flags
FAIL encode: Invalid reconstruction or GI tier flags
FAIL encode: Invalid reconstruction or GI tier flags
FAIL encode: Invalid reconstruction or GI tier flags
FAIL encode: Invalid reconstruction or GI tier flags
FAIL encode: Invalid reconstruction or GI tier flags
FAIL encode: Invalid reconstruction or GI tier flags
FAIL encode: Invalid reconstruction or GI tier flags
FAIL encode: Invalid reconstruction or GI tier flags
FAIL encode: Invalid reconstruction or GI tier flags
FAIL encode: Invalid reconstruction or GI tier flags
FAIL encode: Invalid reconstruction or GI tier flags
FAIL encode: Invalid reconstruction or GI tier flags
FAIL encode: Invalid reconstruction or GI tier flags
FAIL encode: Invalid reconstruction or GI tier flags
FAIL encode: Invalid reconstruction or GI tier flags
FAIL encode: Invalid reconstruction or GI tier flags
FAIL encode: Invalid reconstruction or GI tier flags
FAIL encode: Invalid reconstruction or GI tier flags
FAIL encode: Invalid reconstruction or GI tier flags
FAIL encode: Invalid reconstruction or GI tier flags
FAIL encode: Invalid reconstruction or GI tier flags
FAIL encode: Invalid reconstruction or GI tier flags
FAIL encode: Invalid reconstruction or GI tier flags
FAIL encode: Invalid reconstruction or GI tier flags
FAIL encode: Invalid reconstruction or GI tier flags
FAIL encode: Invalid reconstruction or GI tier flags
FAIL encode: Invalid reconstruction or GI tier flags
FAIL encode: Invalid reconstruction or GI tier flags
FAIL encode: Invalid reconstruction or GI tier flags
FAIL encode: Invalid reconstruction or GI tier flags
FAIL encode: Invalid reconstruction or GI tier flags
FAIL encode: Invalid reconstruction or GI tier flags
FAIL encode: Invalid reconstruction or GI tier flags
FAIL encode: Invalid reconstruction or GI tier flags
FAIL encode: Invalid reconstruction or GI tier flags
FAIL encode: Invalid reconstruction or GI tier flags
FAIL encode: Invalid reconstruction or GI tier flags
FAIL encode: Invalid reconstruction or GI tier flags
FAIL encode: Invalid reconstruction or GI tier flags
FAIL encode: Invalid reconstruction or GI tier flags
FAIL encode: Invalid reconstruction or GI tier flags
FAIL encode: Invalid reconstruction or GI tier flags
FAIL encode: Invalid reconstruction or GI tier flags
FAIL encode: Invalid reconstruction or GI tier flags
FAIL encode: Invalid reconstruction or GI tier flags
FAIL encode: Invalid reconstruction or GI tier flags
FAIL red indirect light reaches neutral receiver: Invalid reconstruction or GI tier flags
FAIL blue indirect light reaches neutral receiver: Invalid reconstruction or GI tier flags
FAIL encode: Invalid reconstruction or GI tier flags
FAIL receiver unlit without indirect transport: Invalid reconstruction or GI tier flags
